Archive member included because of file (symbol)

c:/winavr-20100110/bin/../lib/gcc/avr/4.3.3/avr5\libgcc.a(_divmodhi4.o)
                              ./MCAL/PWM/PWM.o (__divmodhi4)
c:/winavr-20100110/bin/../lib/gcc/avr/4.3.3/avr5\libgcc.a(_exit.o)
                              c:/winavr-20100110/bin/../lib/gcc/avr/4.3.3/../../../../avr/lib/avr5/crtm32.o (exit)
c:/winavr-20100110/bin/../lib/gcc/avr/4.3.3/avr5\libgcc.a(_copy_data.o)
                              ./MCAL/UART/UART_TestCases.o (__do_copy_data)
c:/winavr-20100110/bin/../lib/gcc/avr/4.3.3/avr5\libgcc.a(_clear_bss.o)
                              ./MCAL/UART/UART.o (__do_clear_bss)
c:/winavr-20100110/bin/../lib/gcc/avr/4.3.3/avr5\libgcc.a(_udivmodhi4.o)
                              c:/winavr-20100110/bin/../lib/gcc/avr/4.3.3/avr5\libgcc.a(_divmodhi4.o) (__udivmodhi4)

Allocating common symbols
Common symbol       size              file

genuMotorDirection  0x1               ./APP/Car_control_system/CAR.o

Memory Configuration

Name             Origin             Length             Attributes
text             0x00000000         0x00020000         xr
data             0x00800060         0x0000ffa0         rw !x
eeprom           0x00810000         0x00010000         rw !x
fuse             0x00820000         0x00000400         rw !x
lock             0x00830000         0x00000400         rw !x
signature        0x00840000         0x00000400         rw !x
*default*        0x00000000         0xffffffff

Linker script and memory map

LOAD c:/winavr-20100110/bin/../lib/gcc/avr/4.3.3/../../../../avr/lib/avr5/crtm32.o
LOAD ./MCAL/UART/UART.o
LOAD ./MCAL/UART/UART_TestCases.o
LOAD ./MCAL/TIMER/TM_Cfg.o
LOAD ./MCAL/TIMER/TM_prog.o
LOAD ./MCAL/PWM/PWM.o
LOAD ./MCAL/PWM/PWM_Cfg.o
LOAD ./MCAL/DIO/DIO_cfg.o
LOAD ./MCAL/DIO/DIO_prog.o
LOAD ./ECUAL/LED/LED.o
LOAD ./ECUAL/DC_MOTOR/DC_MOTOR.o
LOAD ./ECUAL/BTN/BTN.o
LOAD ./APP/Car_control_system/CAR.o
LOAD ./APP/main.o
LOAD c:/winavr-20100110/bin/../lib/gcc/avr/4.3.3/avr5\libgcc.a
LOAD c:/winavr-20100110/bin/../lib/gcc/avr/4.3.3/../../../../avr/lib/avr5\libc.a
LOAD c:/winavr-20100110/bin/../lib/gcc/avr/4.3.3/avr5\libgcc.a

.hash
 *(.hash)

.dynsym
 *(.dynsym)

.dynstr
 *(.dynstr)

.gnu.version
 *(.gnu.version)

.gnu.version_d
 *(.gnu.version_d)

.gnu.version_r
 *(.gnu.version_r)

.rel.init
 *(.rel.init)

.rela.init
 *(.rela.init)

.rel.text
 *(.rel.text)
 *(.rel.text.*)
 *(.rel.gnu.linkonce.t*)

.rela.text
 *(.rela.text)
 *(.rela.text.*)
 *(.rela.gnu.linkonce.t*)

.rel.fini
 *(.rel.fini)

.rela.fini
 *(.rela.fini)

.rel.rodata
 *(.rel.rodata)
 *(.rel.rodata.*)
 *(.rel.gnu.linkonce.r*)

.rela.rodata
 *(.rela.rodata)
 *(.rela.rodata.*)
 *(.rela.gnu.linkonce.r*)

.rel.data
 *(.rel.data)
 *(.rel.data.*)
 *(.rel.gnu.linkonce.d*)

.rela.data
 *(.rela.data)
 *(.rela.data.*)
 *(.rela.gnu.linkonce.d*)

.rel.ctors
 *(.rel.ctors)

.rela.ctors
 *(.rela.ctors)

.rel.dtors
 *(.rel.dtors)

.rela.dtors
 *(.rela.dtors)

.rel.got
 *(.rel.got)

.rela.got
 *(.rela.got)

.rel.bss
 *(.rel.bss)

.rela.bss
 *(.rela.bss)

.rel.plt
 *(.rel.plt)

.rela.plt
 *(.rela.plt)

.text           0x00000000     0x1e38
 *(.vectors)
 .vectors       0x00000000       0x54 c:/winavr-20100110/bin/../lib/gcc/avr/4.3.3/../../../../avr/lib/avr5/crtm32.o
                0x00000000                __vectors
                0x00000000                __vector_default
 *(.vectors)
 *(.progmem.gcc*)
 *(.progmem*)
                0x00000054                . = ALIGN (0x2)
                0x00000054                __trampolines_start = .
 *(.trampolines)
 .trampolines   0x00000054        0x0 linker stubs
 *(.trampolines*)
                0x00000054                __trampolines_end = .
 *(.jumptables)
 *(.jumptables*)
 *(.lowtext)
 *(.lowtext*)
                0x00000054                __ctors_start = .
 *(.ctors)
                0x00000054                __ctors_end = .
                0x00000054                __dtors_start = .
 *(.dtors)
                0x00000054                __dtors_end = .
 SORT(*)(.ctors)
 SORT(*)(.dtors)
 *(.init0)
 .init0         0x00000054        0x0 c:/winavr-20100110/bin/../lib/gcc/avr/4.3.3/../../../../avr/lib/avr5/crtm32.o
                0x00000054                __init
 *(.init0)
 *(.init1)
 *(.init1)
 *(.init2)
 .init2         0x00000054        0xc c:/winavr-20100110/bin/../lib/gcc/avr/4.3.3/../../../../avr/lib/avr5/crtm32.o
 *(.init2)
 *(.init3)
 *(.init3)
 *(.init4)
 .init4         0x00000060       0x16 c:/winavr-20100110/bin/../lib/gcc/avr/4.3.3/avr5\libgcc.a(_copy_data.o)
                0x00000060                __do_copy_data
 .init4         0x00000076       0x10 c:/winavr-20100110/bin/../lib/gcc/avr/4.3.3/avr5\libgcc.a(_clear_bss.o)
                0x00000076                __do_clear_bss
 *(.init4)
 *(.init5)
 *(.init5)
 *(.init6)
 *(.init6)
 *(.init7)
 *(.init7)
 *(.init8)
 *(.init8)
 *(.init9)
 .init9         0x00000086        0x8 c:/winavr-20100110/bin/../lib/gcc/avr/4.3.3/../../../../avr/lib/avr5/crtm32.o
 *(.init9)
 *(.text)
 .text          0x0000008e        0x4 c:/winavr-20100110/bin/../lib/gcc/avr/4.3.3/../../../../avr/lib/avr5/crtm32.o
                0x0000008e                __vector_1
                0x0000008e                __vector_12
                0x0000008e                __bad_interrupt
                0x0000008e                __vector_6
                0x0000008e                __vector_3
                0x0000008e                __vector_11
                0x0000008e                __vector_13
                0x0000008e                __vector_17
                0x0000008e                __vector_19
                0x0000008e                __vector_7
                0x0000008e                __vector_5
                0x0000008e                __vector_4
                0x0000008e                __vector_9
                0x0000008e                __vector_2
                0x0000008e                __vector_15
                0x0000008e                __vector_8
                0x0000008e                __vector_14
                0x0000008e                __vector_10
                0x0000008e                __vector_16
                0x0000008e                __vector_18
                0x0000008e                __vector_20
 .text          0x00000092        0x0 ./MCAL/UART/UART.o
 .text          0x00000092        0x0 ./MCAL/UART/UART_TestCases.o
 .text          0x00000092        0x0 ./MCAL/TIMER/TM_Cfg.o
 .text          0x00000092        0x0 ./MCAL/TIMER/TM_prog.o
 .text          0x00000092        0x0 ./MCAL/PWM/PWM.o
 .text          0x00000092        0x0 ./MCAL/PWM/PWM_Cfg.o
 .text          0x00000092        0x0 ./MCAL/DIO/DIO_cfg.o
 .text          0x00000092        0x0 ./MCAL/DIO/DIO_prog.o
 .text          0x00000092        0x0 ./ECUAL/LED/LED.o
 .text          0x00000092        0x0 ./ECUAL/DC_MOTOR/DC_MOTOR.o
 .text          0x00000092        0x0 ./ECUAL/BTN/BTN.o
 .text          0x00000092        0x0 ./APP/Car_control_system/CAR.o
 .text          0x00000092        0x0 ./APP/main.o
 .text          0x00000092        0x0 c:/winavr-20100110/bin/../lib/gcc/avr/4.3.3/avr5\libgcc.a(_divmodhi4.o)
 .text          0x00000092        0x0 c:/winavr-20100110/bin/../lib/gcc/avr/4.3.3/avr5\libgcc.a(_exit.o)
 .text          0x00000092        0x0 c:/winavr-20100110/bin/../lib/gcc/avr/4.3.3/avr5\libgcc.a(_copy_data.o)
 .text          0x00000092        0x0 c:/winavr-20100110/bin/../lib/gcc/avr/4.3.3/avr5\libgcc.a(_clear_bss.o)
 .text          0x00000092        0x0 c:/winavr-20100110/bin/../lib/gcc/avr/4.3.3/avr5\libgcc.a(_udivmodhi4.o)
                0x00000092                . = ALIGN (0x2)
 *(.text.*)
 .text.UART_Init
                0x00000092       0xbc ./MCAL/UART/UART.o
                0x00000092                UART_Init
 .text.UART_SendData
                0x0000014e       0x42 ./MCAL/UART/UART.o
                0x0000014e                UART_SendData
 .text.UART_ReceiveData
                0x00000190       0x44 ./MCAL/UART/UART.o
                0x00000190                UART_ReceiveData
 .text.UART_RecieveDataNoBLOCKING
                0x000001d4       0x4c ./MCAL/UART/UART.o
                0x000001d4                UART_RecieveDataNoBLOCKING
 .text.UART_SendDataNoBLOCKING
                0x00000220       0x4c ./MCAL/UART/UART.o
                0x00000220                UART_SendDataNoBLOCKING
 .text.UART_SendString
                0x0000026c       0x6c ./MCAL/UART/UART.o
                0x0000026c                UART_SendString
 .text.UART_ReceiveString
                0x000002d8       0x86 ./MCAL/UART/UART.o
                0x000002d8                UART_ReceiveString
 .text.Test_UART_Init
                0x0000035e       0x12 ./MCAL/UART/UART_TestCases.o
                0x0000035e                Test_UART_Init
 .text.Test_UART_SendData
                0x00000370       0x14 ./MCAL/UART/UART_TestCases.o
                0x00000370                Test_UART_SendData
 .text.Test_UART_SendString
                0x00000384       0x16 ./MCAL/UART/UART_TestCases.o
                0x00000384                Test_UART_SendString
 .text.Test_UART_ReceiveData
                0x0000039a       0x1a ./MCAL/UART/UART_TestCases.o
                0x0000039a                Test_UART_ReceiveData
 .text.Test_UART_ReceiveString
                0x000003b4       0x1c ./MCAL/UART/UART_TestCases.o
                0x000003b4                Test_UART_ReceiveString
 .text.PWM_Init
                0x000003d0       0xae ./MCAL/PWM/PWM.o
                0x000003d0                PWM_Init
 .text.setPrescaler
                0x0000047e      0x1e6 ./MCAL/PWM/PWM.o
 .text.PWM_Start
                0x00000664       0x94 ./MCAL/PWM/PWM.o
                0x00000664                PWM_Start
 .text.PWM_Stop
                0x000006f8       0x2c ./MCAL/PWM/PWM.o
                0x000006f8                PWM_Stop
 .text.DIO_Init
                0x00000724      0x824 ./MCAL/DIO/DIO_prog.o
                0x00000724                DIO_Init
 .text.DIO_Write
                0x00000f48      0x3d0 ./MCAL/DIO/DIO_prog.o
                0x00000f48                DIO_Write
 .text.DIO_Read
                0x00001318      0x1fe ./MCAL/DIO/DIO_prog.o
                0x00001318                DIO_Read
 .text.DIO_toggle
                0x00001516      0x1e2 ./MCAL/DIO/DIO_prog.o
                0x00001516                DIO_toggle
 .text.LED_Init
                0x000016f8       0x12 ./ECUAL/LED/LED.o
                0x000016f8                LED_Init
 .text.LED_ON   0x0000170a       0x1e ./ECUAL/LED/LED.o
                0x0000170a                LED_ON
 .text.LED_OFF  0x00001728       0x1e ./ECUAL/LED/LED.o
                0x00001728                LED_OFF
 .text.LED_toggle
                0x00001746       0x1c ./ECUAL/LED/LED.o
                0x00001746                LED_toggle
 .text.DCMotor_Init
                0x00001762       0x12 ./ECUAL/DC_MOTOR/DC_MOTOR.o
                0x00001762                DCMotor_Init
 .text.DCMotor_setDirection
                0x00001774       0x9c ./ECUAL/DC_MOTOR/DC_MOTOR.o
                0x00001774                DCMotor_setDirection
 .text.DCMotor_setSpeed
                0x00001810       0x30 ./ECUAL/DC_MOTOR/DC_MOTOR.o
                0x00001810                DCMotor_setSpeed
 .text.DCMotor_stop
                0x00001840       0x44 ./ECUAL/DC_MOTOR/DC_MOTOR.o
                0x00001840                DCMotor_stop
 .text.BTN_Init
                0x00001884       0x12 ./ECUAL/BTN/BTN.o
                0x00001884                BTN_Init
 .text.BTN_getState
                0x00001896      0x390 ./ECUAL/BTN/BTN.o
                0x00001896                BTN_getState
 .text.App_Init
                0x00001c26       0x1a ./APP/Car_control_system/CAR.o
                0x00001c26                App_Init
 .text.App_Update
                0x00001c40      0x176 ./APP/Car_control_system/CAR.o
                0x00001c40                App_Update
 .text.main     0x00001db6       0x30 ./APP/main.o
                0x00001db6                main
 .text.libgcc   0x00001de6       0x26 c:/winavr-20100110/bin/../lib/gcc/avr/4.3.3/avr5\libgcc.a(_divmodhi4.o)
                0x00001de6                __divmodhi4
                0x00001de6                _div
 .text.libgcc   0x00001e0c        0x0 c:/winavr-20100110/bin/../lib/gcc/avr/4.3.3/avr5\libgcc.a(_exit.o)
 .text.libgcc   0x00001e0c        0x0 c:/winavr-20100110/bin/../lib/gcc/avr/4.3.3/avr5\libgcc.a(_copy_data.o)
 .text.libgcc   0x00001e0c        0x0 c:/winavr-20100110/bin/../lib/gcc/avr/4.3.3/avr5\libgcc.a(_clear_bss.o)
 .text.libgcc   0x00001e0c       0x28 c:/winavr-20100110/bin/../lib/gcc/avr/4.3.3/avr5\libgcc.a(_udivmodhi4.o)
                0x00001e0c                __udivmodhi4
                0x00001e34                . = ALIGN (0x2)
 *(.fini9)
 .fini9         0x00001e34        0x0 c:/winavr-20100110/bin/../lib/gcc/avr/4.3.3/avr5\libgcc.a(_exit.o)
                0x00001e34                exit
                0x00001e34                _exit
 *(.fini9)
 *(.fini8)
 *(.fini8)
 *(.fini7)
 *(.fini7)
 *(.fini6)
 *(.fini6)
 *(.fini5)
 *(.fini5)
 *(.fini4)
 *(.fini4)
 *(.fini3)
 *(.fini3)
 *(.fini2)
 *(.fini2)
 *(.fini1)
 *(.fini1)
 *(.fini0)
 .fini0         0x00001e34        0x4 c:/winavr-20100110/bin/../lib/gcc/avr/4.3.3/avr5\libgcc.a(_exit.o)
 *(.fini0)
                0x00001e38                _etext = .

.data           0x00800060       0x3a load address 0x00001e38
                0x00800060                PROVIDE (__data_start, .)
 *(.data)
 .data          0x00800060        0x0 c:/winavr-20100110/bin/../lib/gcc/avr/4.3.3/../../../../avr/lib/avr5/crtm32.o
 .data          0x00800060        0x0 ./MCAL/UART/UART.o
 .data          0x00800060        0x6 ./MCAL/UART/UART_TestCases.o
 .data          0x00800066        0x0 ./MCAL/TIMER/TM_Cfg.o
 .data          0x00800066        0x0 ./MCAL/TIMER/TM_prog.o
 .data          0x00800066        0x0 ./MCAL/PWM/PWM.o
 .data          0x00800066        0x0 ./MCAL/PWM/PWM_Cfg.o
 .data          0x00800066        0x0 ./MCAL/DIO/DIO_cfg.o
 .data          0x00800066        0x0 ./MCAL/DIO/DIO_prog.o
 .data          0x00800066        0x0 ./ECUAL/LED/LED.o
 .data          0x00800066        0x0 ./ECUAL/DC_MOTOR/DC_MOTOR.o
 .data          0x00800066        0x0 ./ECUAL/BTN/BTN.o
 .data          0x00800066        0x0 ./APP/Car_control_system/CAR.o
 .data          0x00800066        0x0 ./APP/main.o
 .data          0x00800066        0x0 c:/winavr-20100110/bin/../lib/gcc/avr/4.3.3/avr5\libgcc.a(_divmodhi4.o)
 .data          0x00800066        0x0 c:/winavr-20100110/bin/../lib/gcc/avr/4.3.3/avr5\libgcc.a(_exit.o)
 .data          0x00800066        0x0 c:/winavr-20100110/bin/../lib/gcc/avr/4.3.3/avr5\libgcc.a(_copy_data.o)
 .data          0x00800066        0x0 c:/winavr-20100110/bin/../lib/gcc/avr/4.3.3/avr5\libgcc.a(_clear_bss.o)
 .data          0x00800066        0x0 c:/winavr-20100110/bin/../lib/gcc/avr/4.3.3/avr5\libgcc.a(_udivmodhi4.o)
 *(.data*)
 .data.enuCarSpeed.1335
                0x00800066        0x1 ./APP/Car_control_system/CAR.o
 *(.rodata)
 *(.rodata*)
 .rodata.strpwmConfig
                0x00800067        0x5 ./MCAL/PWM/PWM_Cfg.o
                0x00800067                strpwmConfig
 .rodata.astrDIOConfigParameters
                0x0080006c       0x2d ./MCAL/DIO/DIO_cfg.o
                0x0080006c                astrDIOConfigParameters
 *(.gnu.linkonce.d*)
                0x0080009a                . = ALIGN (0x2)
 *fill*         0x00800099        0x1 00
                0x0080009a                _edata = .
                0x0080009a                PROVIDE (__data_end, .)

.bss            0x0080009a        0x5
                0x0080009a                PROVIDE (__bss_start, .)
 *(.bss)
 .bss           0x0080009a        0x0 c:/winavr-20100110/bin/../lib/gcc/avr/4.3.3/../../../../avr/lib/avr5/crtm32.o
 .bss           0x0080009a        0x0 ./MCAL/UART/UART.o
 .bss           0x0080009a        0x0 ./MCAL/UART/UART_TestCases.o
 .bss           0x0080009a        0x0 ./MCAL/TIMER/TM_Cfg.o
 .bss           0x0080009a        0x0 ./MCAL/TIMER/TM_prog.o
 .bss           0x0080009a        0x0 ./MCAL/PWM/PWM.o
 .bss           0x0080009a        0x0 ./MCAL/PWM/PWM_Cfg.o
 .bss           0x0080009a        0x0 ./MCAL/DIO/DIO_cfg.o
 .bss           0x0080009a        0x0 ./MCAL/DIO/DIO_prog.o
 .bss           0x0080009a        0x0 ./ECUAL/LED/LED.o
 .bss           0x0080009a        0x0 ./ECUAL/DC_MOTOR/DC_MOTOR.o
 .bss           0x0080009a        0x0 ./ECUAL/BTN/BTN.o
 .bss           0x0080009a        0x0 ./APP/Car_control_system/CAR.o
 .bss           0x0080009a        0x0 ./APP/main.o
 .bss           0x0080009a        0x0 c:/winavr-20100110/bin/../lib/gcc/avr/4.3.3/avr5\libgcc.a(_divmodhi4.o)
 .bss           0x0080009a        0x0 c:/winavr-20100110/bin/../lib/gcc/avr/4.3.3/avr5\libgcc.a(_exit.o)
 .bss           0x0080009a        0x0 c:/winavr-20100110/bin/../lib/gcc/avr/4.3.3/avr5\libgcc.a(_copy_data.o)
 .bss           0x0080009a        0x0 c:/winavr-20100110/bin/../lib/gcc/avr/4.3.3/avr5\libgcc.a(_clear_bss.o)
 .bss           0x0080009a        0x0 c:/winavr-20100110/bin/../lib/gcc/avr/4.3.3/avr5\libgcc.a(_udivmodhi4.o)
 *(.bss*)
 .bss.genuInitStatus
                0x0080009a        0x1 ./MCAL/UART/UART.o
                0x0080009a                genuInitStatus
 .bss.genuMotorDirection
                0x0080009b        0x1 ./ECUAL/DC_MOTOR/DC_MOTOR.o
 .bss.u8_HeldFlag.1267
                0x0080009c        0x1 ./ECUAL/BTN/BTN.o
 .bss.u8DutyCycle.1336
                0x0080009d        0x1 ./APP/Car_control_system/CAR.o
 *(COMMON)
 COMMON         0x0080009e        0x1 ./APP/Car_control_system/CAR.o
                0x0080009e                genuMotorDirection
                0x0080009f                PROVIDE (__bss_end, .)
                0x00001e38                __data_load_start = LOADADDR (.data)
                0x00001e72                __data_load_end = (__data_load_start + SIZEOF (.data))

.noinit         0x0080009f        0x0
                0x0080009f                PROVIDE (__noinit_start, .)
 *(.noinit*)
                0x0080009f                PROVIDE (__noinit_end, .)
                0x0080009f                _end = .
                0x0080009f                PROVIDE (__heap_start, .)

.eeprom         0x00810000        0x0
 *(.eeprom*)
                0x00810000                __eeprom_end = .

.fuse
 *(.fuse)
 *(.lfuse)
 *(.hfuse)
 *(.efuse)

.lock
 *(.lock*)

.signature
 *(.signature*)

.stab           0x00000000     0x2ae4
 *(.stab)
 .stab          0x00000000      0x5f4 ./MCAL/UART/UART.o
 .stab          0x000005f4      0x240 ./MCAL/UART/UART_TestCases.o
                                0x2d0 (size before relaxing)
 .stab          0x00000834       0xd8 ./MCAL/TIMER/TM_Cfg.o
                                 0xe4 (size before relaxing)
 .stab          0x0000090c       0xd8 ./MCAL/TIMER/TM_prog.o
                                 0xe4 (size before relaxing)
 .stab          0x000009e4      0x4c8 ./MCAL/PWM/PWM.o
                                0x4d4 (size before relaxing)
 .stab          0x00000eac       0xfc ./MCAL/PWM/PWM_Cfg.o
                                0x210 (size before relaxing)
 .stab          0x00000fa8      0x1d4 ./MCAL/DIO/DIO_cfg.o
                                0x1e0 (size before relaxing)
 .stab          0x0000117c      0x57c ./MCAL/DIO/DIO_prog.o
                                0x660 (size before relaxing)
 .stab          0x000016f8      0x2e8 ./ECUAL/LED/LED.o
                                0x2f4 (size before relaxing)
 .stab          0x000019e0      0x4a4 ./ECUAL/DC_MOTOR/DC_MOTOR.o
                                0x4b0 (size before relaxing)
 .stab          0x00001e84      0x378 ./ECUAL/BTN/BTN.o
                                0x384 (size before relaxing)
 .stab          0x000021fc      0x594 ./APP/Car_control_system/CAR.o
                                0x5a0 (size before relaxing)
 .stab          0x00002790      0x354 ./APP/main.o
                                0x51c (size before relaxing)

.stabstr        0x00000000     0x221c
 *(.stabstr)
 .stabstr       0x00000000     0x221c ./MCAL/UART/UART.o

.stab.excl
 *(.stab.excl)

.stab.exclstr
 *(.stab.exclstr)

.stab.index
 *(.stab.index)

.stab.indexstr
 *(.stab.indexstr)

.comment
 *(.comment)

.debug
 *(.debug)

.line
 *(.line)

.debug_srcinfo
 *(.debug_srcinfo)

.debug_sfnames
 *(.debug_sfnames)

.debug_aranges
 *(.debug_aranges)

.debug_pubnames
 *(.debug_pubnames)

.debug_info
 *(.debug_info)
 *(.gnu.linkonce.wi.*)

.debug_abbrev
 *(.debug_abbrev)

.debug_line
 *(.debug_line)

.debug_frame
 *(.debug_frame)

.debug_str
 *(.debug_str)

.debug_loc
 *(.debug_loc)

.debug_macinfo
 *(.debug_macinfo)
OUTPUT(APP.elf elf32-avr)
LOAD linker stubs
