Archive member included because of file (symbol)

c:/winavr-20100110/bin/../lib/gcc/avr/4.3.3/avr5\libgcc.a(_exit.o)
                              c:/winavr-20100110/bin/../lib/gcc/avr/4.3.3/../../../../avr/lib/avr5/crtm32.o (exit)
c:/winavr-20100110/bin/../lib/gcc/avr/4.3.3/avr5\libgcc.a(_copy_data.o)
                              ./MCAL/UART/UART_TestCases.o (__do_copy_data)
c:/winavr-20100110/bin/../lib/gcc/avr/4.3.3/avr5\libgcc.a(_clear_bss.o)
                              ./MCAL/UART/UART.o (__do_clear_bss)

Memory Configuration

Name             Origin             Length             Attributes
text             0x00000000         0x00020000         xr
data             0x00800060         0x0000ffa0         rw !x
eeprom           0x00810000         0x00010000         rw !x
fuse             0x00820000         0x00000400         rw !x
lock             0x00830000         0x00000400         rw !x
signature        0x00840000         0x00000400         rw !x
*default*        0x00000000         0xffffffff

Linker script and memory map

LOAD c:/winavr-20100110/bin/../lib/gcc/avr/4.3.3/../../../../avr/lib/avr5/crtm32.o
LOAD ./MCAL/UART/UART.o
LOAD ./MCAL/UART/UART_TestCases.o
LOAD ./MCAL/SPI/SPI.o
LOAD ./MCAL/DIO/DIO_cfg.o
LOAD ./MCAL/DIO/DIO_prog.o
LOAD ./ECUAL/LED/LED.o
LOAD ./APP/APP.o
LOAD ./APP/main.o
LOAD c:/winavr-20100110/bin/../lib/gcc/avr/4.3.3/avr5\libgcc.a
LOAD c:/winavr-20100110/bin/../lib/gcc/avr/4.3.3/../../../../avr/lib/avr5\libc.a
LOAD c:/winavr-20100110/bin/../lib/gcc/avr/4.3.3/avr5\libgcc.a

.hash
 *(.hash)

.dynsym
 *(.dynsym)

.dynstr
 *(.dynstr)

.gnu.version
 *(.gnu.version)

.gnu.version_d
 *(.gnu.version_d)

.gnu.version_r
 *(.gnu.version_r)

.rel.init
 *(.rel.init)

.rela.init
 *(.rela.init)

.rel.text
 *(.rel.text)
 *(.rel.text.*)
 *(.rel.gnu.linkonce.t*)

.rela.text
 *(.rela.text)
 *(.rela.text.*)
 *(.rela.gnu.linkonce.t*)

.rel.fini
 *(.rel.fini)

.rela.fini
 *(.rela.fini)

.rel.rodata
 *(.rel.rodata)
 *(.rel.rodata.*)
 *(.rel.gnu.linkonce.r*)

.rela.rodata
 *(.rela.rodata)
 *(.rela.rodata.*)
 *(.rela.gnu.linkonce.r*)

.rel.data
 *(.rel.data)
 *(.rel.data.*)
 *(.rel.gnu.linkonce.d*)

.rela.data
 *(.rela.data)
 *(.rela.data.*)
 *(.rela.gnu.linkonce.d*)

.rel.ctors
 *(.rel.ctors)

.rela.ctors
 *(.rela.ctors)

.rel.dtors
 *(.rel.dtors)

.rela.dtors
 *(.rela.dtors)

.rel.got
 *(.rel.got)

.rela.got
 *(.rela.got)

.rel.bss
 *(.rel.bss)

.rela.bss
 *(.rela.bss)

.rel.plt
 *(.rel.plt)

.rela.plt
 *(.rela.plt)

.text           0x00000000     0x1600
 *(.vectors)
 .vectors       0x00000000       0x54 c:/winavr-20100110/bin/../lib/gcc/avr/4.3.3/../../../../avr/lib/avr5/crtm32.o
                0x00000000                __vectors
                0x00000000                __vector_default
 *(.vectors)
 *(.progmem.gcc*)
 *(.progmem*)
                0x00000054                . = ALIGN (0x2)
                0x00000054                __trampolines_start = .
 *(.trampolines)
 .trampolines   0x00000054        0x0 linker stubs
 *(.trampolines*)
                0x00000054                __trampolines_end = .
 *(.jumptables)
 *(.jumptables*)
 *(.lowtext)
 *(.lowtext*)
                0x00000054                __ctors_start = .
 *(.ctors)
                0x00000054                __ctors_end = .
                0x00000054                __dtors_start = .
 *(.dtors)
                0x00000054                __dtors_end = .
 SORT(*)(.ctors)
 SORT(*)(.dtors)
 *(.init0)
 .init0         0x00000054        0x0 c:/winavr-20100110/bin/../lib/gcc/avr/4.3.3/../../../../avr/lib/avr5/crtm32.o
                0x00000054                __init
 *(.init0)
 *(.init1)
 *(.init1)
 *(.init2)
 .init2         0x00000054        0xc c:/winavr-20100110/bin/../lib/gcc/avr/4.3.3/../../../../avr/lib/avr5/crtm32.o
 *(.init2)
 *(.init3)
 *(.init3)
 *(.init4)
 .init4         0x00000060       0x16 c:/winavr-20100110/bin/../lib/gcc/avr/4.3.3/avr5\libgcc.a(_copy_data.o)
                0x00000060                __do_copy_data
 .init4         0x00000076       0x10 c:/winavr-20100110/bin/../lib/gcc/avr/4.3.3/avr5\libgcc.a(_clear_bss.o)
                0x00000076                __do_clear_bss
 *(.init4)
 *(.init5)
 *(.init5)
 *(.init6)
 *(.init6)
 *(.init7)
 *(.init7)
 *(.init8)
 *(.init8)
 *(.init9)
 .init9         0x00000086        0x8 c:/winavr-20100110/bin/../lib/gcc/avr/4.3.3/../../../../avr/lib/avr5/crtm32.o
 *(.init9)
 *(.text)
 .text          0x0000008e        0x4 c:/winavr-20100110/bin/../lib/gcc/avr/4.3.3/../../../../avr/lib/avr5/crtm32.o
                0x0000008e                __vector_1
                0x0000008e                __vector_12
                0x0000008e                __bad_interrupt
                0x0000008e                __vector_6
                0x0000008e                __vector_3
                0x0000008e                __vector_11
                0x0000008e                __vector_13
                0x0000008e                __vector_17
                0x0000008e                __vector_19
                0x0000008e                __vector_7
                0x0000008e                __vector_5
                0x0000008e                __vector_4
                0x0000008e                __vector_9
                0x0000008e                __vector_2
                0x0000008e                __vector_15
                0x0000008e                __vector_8
                0x0000008e                __vector_14
                0x0000008e                __vector_10
                0x0000008e                __vector_16
                0x0000008e                __vector_18
                0x0000008e                __vector_20
 .text          0x00000092        0x0 ./MCAL/UART/UART.o
 .text          0x00000092        0x0 ./MCAL/UART/UART_TestCases.o
 .text          0x00000092        0x0 ./MCAL/SPI/SPI.o
 .text          0x00000092        0x0 ./MCAL/DIO/DIO_cfg.o
 .text          0x00000092        0x0 ./MCAL/DIO/DIO_prog.o
 .text          0x00000092        0x0 ./ECUAL/LED/LED.o
 .text          0x00000092        0x0 ./APP/APP.o
 .text          0x00000092        0x0 ./APP/main.o
 .text          0x00000092        0x0 c:/winavr-20100110/bin/../lib/gcc/avr/4.3.3/avr5\libgcc.a(_exit.o)
 .text          0x00000092        0x0 c:/winavr-20100110/bin/../lib/gcc/avr/4.3.3/avr5\libgcc.a(_copy_data.o)
 .text          0x00000092        0x0 c:/winavr-20100110/bin/../lib/gcc/avr/4.3.3/avr5\libgcc.a(_clear_bss.o)
                0x00000092                . = ALIGN (0x2)
 *(.text.*)
 .text.UART_Init
                0x00000092       0xb2 ./MCAL/UART/UART.o
                0x00000092                UART_Init
 .text.UART_SendData
                0x00000144       0x42 ./MCAL/UART/UART.o
                0x00000144                UART_SendData
 .text.UART_ReceiveData
                0x00000186       0x44 ./MCAL/UART/UART.o
                0x00000186                UART_ReceiveData
 .text.UART_RecieveDataNoBLOCK
                0x000001ca       0x4c ./MCAL/UART/UART.o
                0x000001ca                UART_RecieveDataNoBLOCK
 .text.UART_SendDataNoBLOCK
                0x00000216       0x4c ./MCAL/UART/UART.o
                0x00000216                UART_SendDataNoBLOCK
 .text.UART_SendString
                0x00000262       0x82 ./MCAL/UART/UART.o
                0x00000262                UART_SendString
 .text.UART_ReceiveString
                0x000002e4       0x92 ./MCAL/UART/UART.o
                0x000002e4                UART_ReceiveString
 .text.Test_UART_Init
                0x00000376       0x12 ./MCAL/UART/UART_TestCases.o
                0x00000376                Test_UART_Init
 .text.Test_UART_SendData
                0x00000388       0x14 ./MCAL/UART/UART_TestCases.o
                0x00000388                Test_UART_SendData
 .text.Test_UART_SendString
                0x0000039c       0x16 ./MCAL/UART/UART_TestCases.o
                0x0000039c                Test_UART_SendString
 .text.Test_UART_ReceiveData
                0x000003b2       0x1a ./MCAL/UART/UART_TestCases.o
                0x000003b2                Test_UART_ReceiveData
 .text.Test_UART_ReceiveString
                0x000003cc       0x1c ./MCAL/UART/UART_TestCases.o
                0x000003cc                Test_UART_ReceiveString
 .text.SPI_initMaster
                0x000003e8       0x1a ./MCAL/SPI/SPI.o
 .text.SPI_initSlave
                0x00000402       0x1a ./MCAL/SPI/SPI.o
 .text.SPI_init
                0x0000041c       0x12 ./MCAL/SPI/SPI.o
                0x0000041c                SPI_init
 .text.SPI_sendData
                0x0000042e       0x26 ./MCAL/SPI/SPI.o
                0x0000042e                SPI_sendData
 .text.SPI_receiveData
                0x00000454       0x2e ./MCAL/SPI/SPI.o
                0x00000454                SPI_receiveData
 .text.SPI_sendString
                0x00000482       0x58 ./MCAL/SPI/SPI.o
                0x00000482                SPI_sendString
 .text.SPI_receiveString
                0x000004da       0x76 ./MCAL/SPI/SPI.o
                0x000004da                SPI_receiveString
 .text.DIO_Init
                0x00000550      0x824 ./MCAL/DIO/DIO_prog.o
                0x00000550                DIO_Init
 .text.DIO_Write
                0x00000d74      0x3d0 ./MCAL/DIO/DIO_prog.o
                0x00000d74                DIO_Write
 .text.DIO_Read
                0x00001144      0x1fe ./MCAL/DIO/DIO_prog.o
                0x00001144                DIO_Read
 .text.DIO_toggle
                0x00001342      0x1e2 ./MCAL/DIO/DIO_prog.o
                0x00001342                DIO_toggle
 .text.LED_Init
                0x00001524       0x12 ./ECUAL/LED/LED.o
                0x00001524                LED_Init
 .text.LED_ON   0x00001536       0x1e ./ECUAL/LED/LED.o
                0x00001536                LED_ON
 .text.LED_OFF  0x00001554       0x1e ./ECUAL/LED/LED.o
                0x00001554                LED_OFF
 .text.LED_toggle
                0x00001572       0x1c ./ECUAL/LED/LED.o
                0x00001572                LED_toggle
 .text.APP_Init
                0x0000158e       0x1a ./APP/APP.o
                0x0000158e                APP_Init
 .text.APP_Update
                0x000015a8       0x42 ./APP/APP.o
                0x000015a8                APP_Update
 .text.main     0x000015ea       0x12 ./APP/main.o
                0x000015ea                main
 .text.libgcc   0x000015fc        0x0 c:/winavr-20100110/bin/../lib/gcc/avr/4.3.3/avr5\libgcc.a(_exit.o)
 .text.libgcc   0x000015fc        0x0 c:/winavr-20100110/bin/../lib/gcc/avr/4.3.3/avr5\libgcc.a(_copy_data.o)
 .text.libgcc   0x000015fc        0x0 c:/winavr-20100110/bin/../lib/gcc/avr/4.3.3/avr5\libgcc.a(_clear_bss.o)
                0x000015fc                . = ALIGN (0x2)
 *(.fini9)
 .fini9         0x000015fc        0x0 c:/winavr-20100110/bin/../lib/gcc/avr/4.3.3/avr5\libgcc.a(_exit.o)
                0x000015fc                exit
                0x000015fc                _exit
 *(.fini9)
 *(.fini8)
 *(.fini8)
 *(.fini7)
 *(.fini7)
 *(.fini6)
 *(.fini6)
 *(.fini5)
 *(.fini5)
 *(.fini4)
 *(.fini4)
 *(.fini3)
 *(.fini3)
 *(.fini2)
 *(.fini2)
 *(.fini1)
 *(.fini1)
 *(.fini0)
 .fini0         0x000015fc        0x4 c:/winavr-20100110/bin/../lib/gcc/avr/4.3.3/avr5\libgcc.a(_exit.o)
 *(.fini0)
                0x00001600                _etext = .

.data           0x00800060       0x1c load address 0x00001600
                0x00800060                PROVIDE (__data_start, .)
 *(.data)
 .data          0x00800060        0x0 c:/winavr-20100110/bin/../lib/gcc/avr/4.3.3/../../../../avr/lib/avr5/crtm32.o
 .data          0x00800060        0x0 ./MCAL/UART/UART.o
 .data          0x00800060        0x6 ./MCAL/UART/UART_TestCases.o
 .data          0x00800066        0x0 ./MCAL/SPI/SPI.o
 .data          0x00800066        0x0 ./MCAL/DIO/DIO_cfg.o
 .data          0x00800066        0x0 ./MCAL/DIO/DIO_prog.o
 .data          0x00800066        0x0 ./ECUAL/LED/LED.o
 .data          0x00800066        0x0 ./APP/APP.o
 .data          0x00800066        0x0 ./APP/main.o
 .data          0x00800066        0x0 c:/winavr-20100110/bin/../lib/gcc/avr/4.3.3/avr5\libgcc.a(_exit.o)
 .data          0x00800066        0x0 c:/winavr-20100110/bin/../lib/gcc/avr/4.3.3/avr5\libgcc.a(_copy_data.o)
 .data          0x00800066        0x0 c:/winavr-20100110/bin/../lib/gcc/avr/4.3.3/avr5\libgcc.a(_clear_bss.o)
 *(.data*)
 *(.rodata)
 *(.rodata*)
 .rodata.astrDIOConfigParameters
                0x00800066       0x15 ./MCAL/DIO/DIO_cfg.o
                0x00800066                astrDIOConfigParameters
 *(.gnu.linkonce.d*)
                0x0080007c                . = ALIGN (0x2)
 *fill*         0x0080007b        0x1 00
                0x0080007c                _edata = .
                0x0080007c                PROVIDE (__data_end, .)

.bss            0x0080007c        0x1
                0x0080007c                PROVIDE (__bss_start, .)
 *(.bss)
 .bss           0x0080007c        0x0 c:/winavr-20100110/bin/../lib/gcc/avr/4.3.3/../../../../avr/lib/avr5/crtm32.o
 .bss           0x0080007c        0x0 ./MCAL/UART/UART.o
 .bss           0x0080007c        0x0 ./MCAL/UART/UART_TestCases.o
 .bss           0x0080007c        0x0 ./MCAL/SPI/SPI.o
 .bss           0x0080007c        0x0 ./MCAL/DIO/DIO_cfg.o
 .bss           0x0080007c        0x0 ./MCAL/DIO/DIO_prog.o
 .bss           0x0080007c        0x0 ./ECUAL/LED/LED.o
 .bss           0x0080007c        0x0 ./APP/APP.o
 .bss           0x0080007c        0x0 ./APP/main.o
 .bss           0x0080007c        0x0 c:/winavr-20100110/bin/../lib/gcc/avr/4.3.3/avr5\libgcc.a(_exit.o)
 .bss           0x0080007c        0x0 c:/winavr-20100110/bin/../lib/gcc/avr/4.3.3/avr5\libgcc.a(_copy_data.o)
 .bss           0x0080007c        0x0 c:/winavr-20100110/bin/../lib/gcc/avr/4.3.3/avr5\libgcc.a(_clear_bss.o)
 *(.bss*)
 .bss.genuUARTInitStatus
                0x0080007c        0x1 ./MCAL/UART/UART.o
                0x0080007c                genuUARTInitStatus
 *(COMMON)
                0x0080007d                PROVIDE (__bss_end, .)
                0x00001600                __data_load_start = LOADADDR (.data)
                0x0000161c                __data_load_end = (__data_load_start + SIZEOF (.data))

.noinit         0x0080007d        0x0
                0x0080007d                PROVIDE (__noinit_start, .)
 *(.noinit*)
                0x0080007d                PROVIDE (__noinit_end, .)
                0x0080007d                _end = .
                0x0080007d                PROVIDE (__heap_start, .)

.eeprom         0x00810000        0x0
 *(.eeprom*)
                0x00810000                __eeprom_end = .

.fuse
 *(.fuse)
 *(.lfuse)
 *(.hfuse)
 *(.efuse)

.lock
 *(.lock*)

.signature
 *(.signature*)

.stab           0x00000000     0x1a94
 *(.stab)
 .stab          0x00000000      0x618 ./MCAL/UART/UART.o
 .stab          0x00000618      0x240 ./MCAL/UART/UART_TestCases.o
                                0x2dc (size before relaxing)
 .stab          0x00000858      0x420 ./MCAL/SPI/SPI.o
                                0x42c (size before relaxing)
 .stab          0x00000c78      0x1e0 ./MCAL/DIO/DIO_cfg.o
                                0x1ec (size before relaxing)
 .stab          0x00000e58      0x57c ./MCAL/DIO/DIO_prog.o
                                0x66c (size before relaxing)
 .stab          0x000013d4      0x2f4 ./ECUAL/LED/LED.o
                                0x300 (size before relaxing)
 .stab          0x000016c8      0x2a0 ./APP/APP.o
                                0x2ac (size before relaxing)
 .stab          0x00001968      0x12c ./APP/main.o
                                0x228 (size before relaxing)

.stabstr        0x00000000      0xe51
 *(.stabstr)
 .stabstr       0x00000000      0xe51 ./MCAL/UART/UART.o

.stab.excl
 *(.stab.excl)

.stab.exclstr
 *(.stab.exclstr)

.stab.index
 *(.stab.index)

.stab.indexstr
 *(.stab.indexstr)

.comment
 *(.comment)

.debug
 *(.debug)

.line
 *(.line)

.debug_srcinfo
 *(.debug_srcinfo)

.debug_sfnames
 *(.debug_sfnames)

.debug_aranges
 *(.debug_aranges)

.debug_pubnames
 *(.debug_pubnames)

.debug_info
 *(.debug_info)
 *(.gnu.linkonce.wi.*)

.debug_abbrev
 *(.debug_abbrev)

.debug_line
 *(.debug_line)

.debug_frame
 *(.debug_frame)

.debug_str
 *(.debug_str)

.debug_loc
 *(.debug_loc)

.debug_macinfo
 *(.debug_macinfo)
OUTPUT(MCU1.elf elf32-avr)
LOAD linker stubs
